<?xml version="1.0"?>
<testsuites>
  <testsuite name="Chrome 34.0.1847 (Windows 7)" package="" timestamp="2014-05-05T10:58:30" id="0" hostname="Paul-PC">
    <properties>
      <property name="browser.fullName" value="Mozilla/5.0 (Windows NT 6.1) AppleWebKit/537.36 (KHTML, like Gecko) Chrome/34.0.1847.131 Safari/537.36"/>
    </properties>
  </testsuite>
  <testsuite name="Chrome 34.0.1847 (Windows 7)" package="" timestamp="2014-05-05T10:58:31" id="0" hostname="Paul-PC" tests="1" errors="1" failures="1" time="0.052">
    <properties>
      <property name="browser.fullName" value="Mozilla/5.0 (Windows NT 6.1) AppleWebKit/537.36 (KHTML, like Gecko) Chrome/34.0.1847.131 Safari/537.36"/>
    </properties>
    <testcase name="should bi-directional binding between &quot;amount&quot; and the given variable (&quot;number&quot;)" time="0.052" classname="Chrome 34.0.1847 (Windows 7).Slider">
      <failure type="">ReferenceError: spinner is not defined
    at Object.fn (C:/Users/Paul/DonateWebApp/js/slider.js:91:5)
    at Scope.$digest (C:/Users/Paul/DonateWebApp/vendor/angular.js:12031:29)
    at null.&lt;anonymous&gt; (C:/Users/Paul/DonateWebApp/test/unit/slider.spec.js:21:10)
    at Object.invoke (C:/Users/Paul/DonateWebApp/vendor/angular.js:3805:17)
    at workFn (C:/Users/Paul/DonateWebApp/vendor/angular-mocks.js:2147:20)
Error: Declaration Location
    at window.inject.angular.mock.inject (C:/Users/Paul/DonateWebApp/vendor/angular-mocks.js:2132:25)
    at null.&lt;anonymous&gt; (C:/Users/Paul/DonateWebApp/test/unit/slider.spec.js:8:13)
    at C:/Users/Paul/DonateWebApp/test/unit/slider.spec.js:1:1
</failure>
      <failure type="">TypeError: undefined is not a function
    at null.&lt;anonymous&gt; (C:/Users/Paul/DonateWebApp/test/unit/slider.spec.js:26:70)
</failure>
    </testcase>
    <system-out><![CDATA[
]]></system-out>
    <system-err/>
  </testsuite>
</testsuites>
